Archive member included because of file (symbol)

C:\Marmalade\6.0\s3e\edk\lib\android\libedk.a(edk_helpers.o)
                              release\Fortumo_platform.os (s3eEdkThreadRunOnOS)

Discarded input sections

 _ZN7_JNIEnv13CallIntMethodEP8_jobjectP10_jmethodIDz
                0x00000000        0x0 release\Fortumo_platform.os
 _ZN7_JNIEnv14CallVoidMethodEP8_jobjectP10_jmethodIDz
                0x00000000        0x0 release\Fortumo_platform.os
 _ZN7_JNIEnv9NewObjectEP7_jclassP10_jmethodIDz
                0x00000000        0x0 release\Fortumo_platform.os
 .text          0x00000000        0x0 release\Fortumo_platform.os
 .data          0x00000000        0x0 release\Fortumo_platform.os
 .text._Z15jstringToNativeP8_jstringPc
                0x00000000        0x0 release\Fortumo_platform.os
 .text._Z15jstringToNativeP8_jobjectPKcS2_Pc
                0x00000000        0x0 release\Fortumo_platform.os
 .note.GNU-stack
                0x00000000        0x0 release\Fortumo_platform.os
 .text          0x00000000        0x0 release\Fortumo.os
 .data          0x00000000        0x0 release\Fortumo.os
 .bss           0x00000000        0x0 release\Fortumo.os
 .note.GNU-stack
                0x00000000        0x0 release\Fortumo.os
 .text          0x00000000        0x0 release\Fortumo_register.os
 .data          0x00000000        0x0 release\Fortumo_register.os
 .bss           0x00000000        0x0 release\Fortumo_register.os
 .text._Z18FortumoRegisterExtv
                0x00000000        0x0 release\Fortumo_register.os
 .note.GNU-stack
                0x00000000        0x0 release\Fortumo_register.os
 .text          0x00000000        0x0 C:\Marmalade\6.0\s3e\edk\lib\android\libedk.a(edk_helpers.o)
 .data          0x00000000        0x0 C:\Marmalade\6.0\s3e\edk\lib\android\libedk.a(edk_helpers.o)
 .bss           0x00000000        0x0 C:\Marmalade\6.0\s3e\edk\lib\android\libedk.a(edk_helpers.o)
 .text.s3eEdkThreadRunOnOSAsync
                0x00000000        0x0 C:\Marmalade\6.0\s3e\edk\lib\android\libedk.a(edk_helpers.o)
 .ARM.extab.text.s3eEdkThreadRunOnOSAsync
                0x00000000        0x0 C:\Marmalade\6.0\s3e\edk\lib\android\libedk.a(edk_helpers.o)
 .ARM.exidx.text.s3eEdkThreadRunOnOSAsync
                0x00000000        0x0 C:\Marmalade\6.0\s3e\edk\lib\android\libedk.a(edk_helpers.o)
 .text.s3eEdkErrorSetString
                0x00000000        0x0 C:\Marmalade\6.0\s3e\edk\lib\android\libedk.a(edk_helpers.o)
 .ARM.extab.text.s3eEdkErrorSetString
                0x00000000        0x0 C:\Marmalade\6.0\s3e\edk\lib\android\libedk.a(edk_helpers.o)
 .ARM.exidx.text.s3eEdkErrorSetString
                0x00000000        0x0 C:\Marmalade\6.0\s3e\edk\lib\android\libedk.a(edk_helpers.o)
 .note.GNU-stack
                0x00000000        0x0 C:\Marmalade\6.0\s3e\edk\lib\android\libedk.a(edk_helpers.o)

Memory Configuration

Name             Origin             Length             Attributes
*default*        0x00000000         0xffffffff

Linker script and memory map

LOAD release\Fortumo_platform.os
LOAD release\Fortumo.os
LOAD release\Fortumo_register.os
LOAD C:\Marmalade\6.0\s3e\edk\lib\android\libedk.a
LOAD C:\Marmalade\6.0\s3e\edk\lib\android/libplaceholderplaceholderplaceholderplaceholderplaceholder.so
LOAD C:\android-ndk-r8\platforms\android-9\arch-arm\usr\lib/libc.so
LOAD C:\android-ndk-r8\platforms\android-9\arch-arm\usr\lib/libm.so
LOAD C:\android-ndk-r8\platforms\android-9\arch-arm\usr\lib/liblog.so
LOAD C:\android-ndk-r8\platforms\android-9\arch-arm\usr\lib/libstdc++.so
LOAD C:/android-ndk-r8/toolchains/arm-linux-androideabi-4.4.3/prebuilt/windows/bin/../lib/gcc/arm-linux-androideabi/4.4.3\libgcc.a
                0x000000d4                . = (0x0 + SIZEOF_HEADERS)

.note.gnu.build-id
 *(.note.gnu.build-id)

.hash           0x000000d4       0xb0
 *(.hash)
 .hash          0x000000d4       0xb0 release\Fortumo_platform.os

.gnu.hash
 *(.gnu.hash)

.dynsym         0x00000184      0x190
 *(.dynsym)
 .dynsym        0x00000184      0x190 release\Fortumo_platform.os

.dynstr         0x00000314      0x181
 *(.dynstr)
 .dynstr        0x00000314      0x181 release\Fortumo_platform.os

.gnu.version    0x00000496        0x0 load address 0x00000495
 *(.gnu.version)
 .gnu.version   0x00000000        0x0 release\Fortumo_platform.os

.gnu.version_d  0x00000498        0x0 load address 0x00000495
 *(.gnu.version_d)
 .gnu.version_d
                0x00000000        0x0 release\Fortumo_platform.os

.gnu.version_r  0x00000498        0x0 load address 0x00000495
 *(.gnu.version_r)
 .gnu.version_r
                0x00000000        0x0 release\Fortumo_platform.os

.rel.dyn        0x00000498       0x30
 *(.rel.init)
 *(.rel.text .rel.text.* .rel.gnu.linkonce.t.*)
 *(.rel.fini)
 *(.rel.rodata .rel.rodata.* .rel.gnu.linkonce.r.*)
 *(.rel.data.rel.ro* .rel.gnu.linkonce.d.rel.ro.*)
 .rel.data.rel.ro
                0x00000498       0x18 release\Fortumo_platform.os
 *(.rel.data .rel.data.* .rel.gnu.linkonce.d.*)
 *(.rel.tdata .rel.tdata.* .rel.gnu.linkonce.td.*)
 *(.rel.tbss .rel.tbss.* .rel.gnu.linkonce.tb.*)
 *(.rel.ctors)
 *(.rel.dtors)
 *(.rel.got)
 .rel.got       0x000004b0       0x18 release\Fortumo_platform.os
 *(.rel.bss .rel.bss.* .rel.gnu.linkonce.b.*)

.rela.dyn
 *(.rela.init)
 *(.rela.text .rela.text.* .rela.gnu.linkonce.t.*)
 *(.rela.fini)
 *(.rela.rodata .rela.rodata.* .rela.gnu.linkonce.r.*)
 *(.rela.data .rela.data.* .rela.gnu.linkonce.d.*)
 *(.rela.tdata .rela.tdata.* .rela.gnu.linkonce.td.*)
 *(.rela.tbss .rela.tbss.* .rela.gnu.linkonce.tb.*)
 *(.rela.ctors)
 *(.rela.dtors)
 *(.rela.got)
 *(.rela.bss .rela.bss.* .rela.gnu.linkonce.b.*)

.rel.plt        0x000004c8       0x40
 *(.rel.plt)
 .rel.plt       0x000004c8       0x40 release\Fortumo_platform.os

.rela.plt
 *(.rela.plt)

.init
 *(.init)

.plt            0x00000508       0x74
 *(.plt)
 .plt           0x00000508       0x74 release\Fortumo_platform.os

.text           0x0000057c      0xe68
 *(.text .stub .text.* .gnu.linkonce.t.*)
 .text._ZN7_JNIEnv13CallIntMethodEP8_jobjectP10_jmethodIDz
                0x0000057c       0x38 release\Fortumo_platform.os
                0x0000057c                _JNIEnv::CallIntMethod(_jobject*, _jmethodID*, ...)
 .text._ZN7_JNIEnv14CallVoidMethodEP8_jobjectP10_jmethodIDz
                0x000005b4       0x38 release\Fortumo_platform.os
                0x000005b4                _JNIEnv::CallVoidMethod(_jobject*, _jmethodID*, ...)
 .text._ZN7_JNIEnv9NewObjectEP7_jclassP10_jmethodIDz
                0x000005ec       0x38 release\Fortumo_platform.os
                0x000005ec                _JNIEnv::NewObject(_jclass*, _jmethodID*, ...)
 .text._Z25FortumoTerminate_platformv
                0x00000624       0x58 release\Fortumo_platform.os
                0x00000624                FortumoTerminate_platform()
 .text._ZL27s3eEdkAndroidFindClass_realPKc
                0x0000067c       0xa0 release\Fortumo_platform.os
 .text._Z30FortumoRequestPayment_platformbiPKcS0_S0_S0_S0_
                0x0000071c      0x110 release\Fortumo_platform.os
                0x0000071c                FortumoRequestPayment_platform(bool, int, char const*, char const*, char const*, char const*, char const*)
 .text._Z20FortumoInit_platformv
                0x0000082c      0x264 release\Fortumo_platform.os
                0x0000082c                FortumoInit_platform()
 .text._Z25Fortumo_onReceiveCallbackP7_JNIEnvP8_jobjectiP8_jstringS4_xS4_S4_S4_S4_S4_S4_S4_
                0x00000a90      0x7c8 release\Fortumo_platform.os
                0x00000a90                Fortumo_onReceiveCallback(_JNIEnv*, _jobject*, int, _jstring*, _jstring*, long long, _jstring*, _jstring*, _jstring*, _jstring*, _jstring*, _jstring*, _jstring*)
 .text.FortumoRequestPayment
                0x00001258       0x30 release\Fortumo.os
                0x00001258                FortumoRequestPayment
 .text.FortumoTerminate
                0x00001288       0x10 release\Fortumo.os
                0x00001288                FortumoTerminate
 .text.FortumoInit
                0x00001298       0x10 release\Fortumo.os
                0x00001298                FortumoInit
 .text.FortumoUnRegister
                0x000012a8       0x34 release\Fortumo_register.os
                0x000012a8                FortumoUnRegister
 .text.FortumoRegister
                0x000012dc       0x38 release\Fortumo_register.os
                0x000012dc                FortumoRegister
 .text.RegisterExt
                0x00001314       0xa0 release\Fortumo_register.os
                0x00001314                RegisterExt
 .text.s3eEdkThreadRunOnOS
                0x000013b4       0x30 C:\Marmalade\6.0\s3e\edk\lib\android\libedk.a(edk_helpers.o)
                0x000013b4                s3eEdkThreadRunOnOS
 *(.gnu.warning)
 *(.glue_7t)
 .glue_7t       0x00000000        0x0 linker stubs
 *(.glue_7)
 .glue_7        0x00000000        0x0 linker stubs
 *(.vfp11_veneer)
 .vfp11_veneer  0x00000000        0x0 linker stubs
 *(.v4_bx)
 .v4_bx         0x00000000        0x0 linker stubs

.fini
 *(.fini)
                0x000013e4                PROVIDE (__etext, .)
                0x000013e4                PROVIDE (_etext, .)
                0x000013e4                PROVIDE (etext, .)

.rodata         0x000013e4      0x1dc
 *(.rodata .rodata.* .gnu.linkonce.r.*)
 .rodata.str1.4
                0x000013e4      0x1dc release\Fortumo_platform.os
 .rodata.str1.4
                0x00000000        0x8 release\Fortumo_register.os

.rodata1
 *(.rodata1)

.ARM.extab      0x000015c0        0xc
 *(.ARM.extab* .gnu.linkonce.armextab.*)
 .ARM.extab.text.s3eEdkThreadRunOnOS
                0x000015c0        0xc C:\Marmalade\6.0\s3e\edk\lib\android\libedk.a(edk_helpers.o)
                0x000015cc                __exidx_start = .

.ARM.exidx      0x000015cc        0x8
 *(.ARM.exidx* .gnu.linkonce.armexidx.*)
 .ARM.exidx.text.s3eEdkThreadRunOnOS
                0x000015cc        0x8 C:\Marmalade\6.0\s3e\edk\lib\android\libedk.a(edk_helpers.o)
                0x000015d4                __exidx_end = .

.eh_frame_hdr
 *(.eh_frame_hdr)

.eh_frame
 *(.eh_frame)

.gcc_except_table
 *(.gcc_except_table .gcc_except_table.*)
                0x000015d4                . = (ALIGN (0x1000) - ((0x1000 - .) & 0xfff))
                0x000025d4                . = (0x1000 DATA_SEGMENT_ALIGN 0x1000)

.eh_frame
 *(.eh_frame)

.gcc_except_table
 *(.gcc_except_table .gcc_except_table.*)

.tdata
 *(.tdata .tdata.* .gnu.linkonce.td.*)

.tbss
 *(.tbss .tbss.* .gnu.linkonce.tb.*)
 *(.tcommon)

.preinit_array
 *(.preinit_array)

.init_array
 *(SORT(.init_array.*))
 *(.init_array)

.fini_array
 *(.fini_array)
 *(SORT(.fini_array.*))

.ctors
 *crtbegin.o(.ctors)
 *crtbegin?.o(.ctors)
 *(EXCLUDE_FILE(*crtend?.o *crtend.o) .ctors)
 *(SORT(.ctors.*))
 *(.ctors)

.dtors
 *crtbegin.o(.dtors)
 *crtbegin?.o(.dtors)
 *(EXCLUDE_FILE(*crtend?.o *crtend.o) .dtors)
 *(SORT(.dtors.*))
 *(.dtors)

.jcr
 *(.jcr)

.data.rel.ro    0x000025d4        0xc
 *(.data.rel.ro.local* .gnu.linkonce.d.rel.ro.local.*)
 *(.data.rel.ro* .gnu.linkonce.d.rel.ro.*)
 .data.rel.ro   0x000025d4        0xc release\Fortumo_platform.os

.dynamic        0x000025e0       0xa8
 *(.dynamic)
 .dynamic       0x000025e0       0xa8 release\Fortumo_platform.os
                0x000025e0                _DYNAMIC
                0x00002688                . = (. DATA_SEGMENT_RELRO_END 0x0)

.got            0x00002688       0x38
 *(.got.plt)
 .got.plt       0x00002688       0x2c release\Fortumo_platform.os
                0x00002688                _GLOBAL_OFFSET_TABLE_
 *(.got)
 .got           0x000026b4        0xc release\Fortumo_platform.os

.data           0x000026c0        0x0
                0x000026c0                __data_start = .
 *(.data .data.* .gnu.linkonce.d.*)

.data1
 *(.data1)
                0x000026c0                _edata = .
                0x000026c0                PROVIDE (edata, .)
                0x000026c0                __bss_start = .
                0x000026c0                __bss_start__ = .

.bss            0x000026c0       0x10
 *(.dynbss)
 .dynbss        0x00000000        0x0 release\Fortumo_platform.os
 *(.bss .bss.* .gnu.linkonce.b.*)
 .bss           0x000026c0       0x10 release\Fortumo_platform.os
 *(COMMON)
                0x000026d0                . = ALIGN ((. != 0x0)?0x4:0x1)
                0x000026d0                _bss_end__ = .
                0x000026d0                __bss_end__ = .
                0x000026d0                . = ALIGN (0x4)
                0x000026d0                . = ALIGN (0x4)
                0x000026d0                __end__ = .
                0x000026d0                _end = .
                0x000026d0                PROVIDE (end, .)
                0x000026d0                . = DATA_SEGMENT_END (.)

.stab
 *(.stab)

.stabstr
 *(.stabstr)

.stab.excl
 *(.stab.excl)

.stab.exclstr
 *(.stab.exclstr)

.stab.index
 *(.stab.index)

.stab.indexstr
 *(.stab.indexstr)

.comment        0x00000000       0x61
 *(.comment)
 .comment       0x00000000       0x12 release\Fortumo_platform.os
 .comment       0x00000012       0x12 release\Fortumo.os
 .comment       0x00000024       0x12 release\Fortumo_register.os
 .comment       0x00000036       0x2b C:\Marmalade\6.0\s3e\edk\lib\android\libedk.a(edk_helpers.o)

.debug
 *(.debug)

.line
 *(.line)

.debug_srcinfo
 *(.debug_srcinfo)

.debug_sfnames
 *(.debug_sfnames)

.debug_aranges
 *(.debug_aranges)

.debug_pubnames
 *(.debug_pubnames)

.debug_info
 *(.debug_info .gnu.linkonce.wi.*)

.debug_abbrev
 *(.debug_abbrev)

.debug_line
 *(.debug_line)

.debug_frame
 *(.debug_frame)

.debug_str
 *(.debug_str)

.debug_loc
 *(.debug_loc)

.debug_macinfo
 *(.debug_macinfo)

.debug_weaknames
 *(.debug_weaknames)

.debug_funcnames
 *(.debug_funcnames)

.debug_typenames
 *(.debug_typenames)

.debug_varnames
 *(.debug_varnames)

.debug_pubtypes
 *(.debug_pubtypes)

.debug_ranges
 *(.debug_ranges)

.gnu.attributes
 *(.gnu.attributes)

.note.gnu.arm.ident
 *(.note.gnu.arm.ident)

/DISCARD/
 *(.note.GNU-stack)
 *(.gnu_debuglink)
OUTPUT(C:\Marmalade\6.0\extensions\Fortumo\lib\android\libFortumo.so elf32-littlearm)

.ARM.attributes
                0x00000000       0x2a
 .ARM.attributes
                0x00000000       0x28 release\Fortumo_platform.os
 .ARM.attributes
                0x00000028       0x28 release\Fortumo.os
 .ARM.attributes
                0x00000050       0x28 release\Fortumo_register.os
 .ARM.attributes
                0x00000078       0x2c C:\Marmalade\6.0\s3e\edk\lib\android\libedk.a(edk_helpers.o)
